[bostami-wp.ibthemespro.com/resume-v3/index.html]
[backblue.gif]
[fade.gif]
[index.html]
[bostami-wp.ibthemespro.com/wp-includes/css/dashicons.mine35d.css]
[bostami-wp.ibthemespro.com/wp-content/plugins/menu-icons/css/fontawesome/css/all.min7a5f.css]
[bostami-wp.ibthemespro.com/wp-content/plugins/menu-icons/css/extra.minb36a.css]
[bostami-wp.ibthemespro.com/wp-includes/css/dist/block-library/style.mine35d.css]
[bostami-wp.ibthemespro.com/wp-content/plugins/bostami-toolkit/assets/css/odometer5152.css]
[bostami-wp.ibthemespro.com/wp-content/plugins/bostami-toolkit/assets/css/bostami-toolkit5152.css]
[bostami-wp.ibthemespro.com/wp-content/plugins/bostami-toolkit/assets/css/slick5152.css]
[bostami-wp.ibthemespro.com/wp-content/plugins/contact-form-7/includes/css/styles41a3.css]
[bostami-wp.ibthemespro.com/wp-content/themes/bostami-wp/assets/css/animate.min5152.css]
[bostami-wp.ibthemespro.com/wp-content/themes/bostami-wp/assets/css/font-awesome-pro7a5f.css]
[bostami-wp.ibthemespro.com/wp-content/themes/bostami-wp/assets/css/bootstrap.mince52.css]
[bostami-wp.ibthemespro.com/wp-content/themes/bostami-wp/assets/css/meanmenu5d0a.css]
[bostami-wp.ibthemespro.com/wp-content/themes/bostami-wp/assets/css/reset5152.css]
[bostami-wp.ibthemespro.com/wp-content/themes/bostami-wp/stylee35d.css]
[bostami-wp.ibthemespro.com/wp-content/plugins/elementor/assets/lib/eicons/css/elementor-icons.min192d.css]
[bostami-wp.ibthemespro.com/wp-content/uploads/elementor/css/custom-frontend-lite.minc2a7.css]
[bostami-wp.ibthemespro.com/wp-content/plugins/elementor/assets/lib/swiper/v8/css/swiper.min94a4.css]
[bostami-wp.ibthemespro.com/wp-content/uploads/elementor/css/post-81086.css]
[bostami-wp.ibthemespro.com/wp-content/plugins/bostami-toolkit/elementor-addons/widgets/css/bostami-essentialse35d.css]
[bostami-wp.ibthemespro.com/wp-content/uploads/elementor/css/globalc2a7.css]
[bostami-wp.ibthemespro.com/wp-content/uploads/elementor/css/post-89516a5.css]
[bostami-wp.ibthemespro.com/wp-content/plugins/elementor/assets/lib/font-awesome/css/fontawesome.min52d5.css]
[bostami-wp.ibthemespro.com/wp-content/plugins/elementor/assets/lib/font-awesome/css/brands.min52d5.css]
[bostami-wp.ibthemespro.com/wp-content/plugins/elementor/assets/lib/font-awesome/css/solid.min52d5.css]
[bostami-wp.ibthemespro.com/wp-includes/js/jquery/jquery.min3088.js]
[bostami-wp.ibthemespro.com/wp-includes/js/jquery/jquery-migrate.min5589.js]
[bostami-wp.ibthemespro.com/wp-content/uploads/2023/08/cropped-favicon-150x150.png]
[bostami-wp.ibthemespro.com/wp-content/uploads/2023/08/cropped-favicon-300x300.png]
[bostami-wp.ibthemespro.com/wp-content/uploads/2023/09/logo-2.png]
[bostami-wp.ibthemespro.com/wp-content/uploads/2023/08/parson-img-3.png]
[bostami-wp.ibthemespro.com/wp-content/plugins/bostami-toolkit/assets/js/imagesloaded-pkgdeda1.js]
[bostami-wp.ibthemespro.com/wp-content/plugins/bostami-toolkit/assets/js/isotope.pkgd.min605a.js]
[bostami-wp.ibthemespro.com/wp-content/plugins/bostami-toolkit/assets/js/jquery.modal.min8a54.js]
[bostami-wp.ibthemespro.com/wp-content/plugins/bostami-toolkit/assets/js/wow.min5152.js]
[bostami-wp.ibthemespro.com/wp-content/plugins/bostami-toolkit/assets/js/slick.mind5f7.js]
[bostami-wp.ibthemespro.com/wp-content/plugins/bostami-toolkit/assets/js/swiper.min94a4.js]
[bostami-wp.ibthemespro.com/wp-content/plugins/bostami-toolkit/assets/js/plugin-active5152.js]
[bostami-wp.ibthemespro.com/wp-content/plugins/contact-form-7/includes/swv/js/index41a3.js]
[bostami-wp.ibthemespro.com/wp-content/plugins/contact-form-7/includes/js/index41a3.js]
[bostami-wp.ibthemespro.com/wp-content/themes/bostami-wp/assets/js/bootstrap.mince52.js]
[bostami-wp.ibthemespro.com/wp-content/themes/bostami-wp/assets/js/meanmenuf269.js]
[bostami-wp.ibthemespro.com/wp-includes/js/imagesloaded.mineda1.js]
[bostami-wp.ibthemespro.com/wp-includes/js/masonry.min3a05.js]
[bostami-wp.ibthemespro.com/wp-includes/js/jquery/jquery.masonry.minef70.js]
[bostami-wp.ibthemespro.com/wp-content/themes/bostami-wp/assets/js/main5152.js]
[bostami-wp.ibthemespro.com/wp-content/plugins/elementor/assets/js/webpack.runtime.minafc7.js]
[bostami-wp.ibthemespro.com/wp-content/plugins/elementor/assets/js/frontend-modules.minafc7.js]
[bostami-wp.ibthemespro.com/wp-content/plugins/elementor/assets/lib/waypoints/waypoints.min05da.js]
[bostami-wp.ibthemespro.com/wp-includes/js/jquery/ui/core.min3f14.js]
[bostami-wp.ibthemespro.com/resume-v3/index.html]
[bostami-wp.ibthemespro.com/wp-includes/css/dashicons.mine35d.css]
[bostami-wp.ibthemespro.com/wp-content/plugins/menu-icons/css/fontawesome/css/all.min7a5f.css]
[bostami-wp.ibthemespro.com/wp-content/plugins/menu-icons/css/extra.minb36a.css]
[bostami-wp.ibthemespro.com/wp-content/plugins/elementor/assets/js/frontend.minafc7.js]
[bostami-wp.ibthemespro.com/wp-includes/css/dist/block-library/style.mine35d.css]
[bostami-wp.ibthemespro.com/wp-content/plugins/bostami-toolkit/assets/css/odometer5152.css]
[bostami-wp.ibthemespro.com/wp-content/plugins/bostami-toolkit/assets/css/bostami-toolkit5152.css]
[bostami-wp.ibthemespro.com/wp-content/plugins/bostami-toolkit/assets/css/slick5152.css]
[bostami-wp.ibthemespro.com/wp-content/plugins/contact-form-7/includes/css/styles41a3.css]
[bostami-wp.ibthemespro.com/wp-content/themes/bostami-wp/assets/css/animate.min5152.css]
[bostami-wp.ibthemespro.com/wp-content/themes/bostami-wp/assets/css/bootstrap.mince52.css]
[bostami-wp.ibthemespro.com/wp-content/themes/bostami-wp/assets/css/font-awesome-pro7a5f.css]
[bostami-wp.ibthemespro.com/wp-content/themes/bostami-wp/assets/img/icon/close.png]
[bostami-wp.ibthemespro.com/wp-content/themes/bostami-wp/assets/css/meanmenu5d0a.css]
[bostami-wp.ibthemespro.com/wp-content/themes/bostami-wp/assets/css/reset5152.css]
[bostami-wp.ibthemespro.com/wp-content/themes/img/bg/page-bg-dark-2.jpg]
[bostami-wp.ibthemespro.com/wp-content/themes/bostami-wp/assets/img/select-arrow.png]
[bostami-wp.ibthemespro.com/wp-content/themes/bostami-wp/stylee35d.css]
[bostami-wp.ibthemespro.com/wp-content/themes/bostami-wp/assets/css/bostami-default8a54.css]
[bostami-wp.ibthemespro.com/wp-content/plugins/elementor/assets/lib/eicons/css/elementor-icons.min192d.css]
[bostami-wp.ibthemespro.com/wp-content/uploads/elementor/css/custom-frontend-lite.minc2a7.css]
[bostami-wp.ibthemespro.com/wp-content/plugins/elementor/assets/lib/swiper/v8/css/swiper.min94a4.css]
[bostami-wp.ibthemespro.com/wp-content/uploads/elementor/css/post-81086.css]
[bostami-wp.ibthemespro.com/wp-content/plugins/bostami-toolkit/elementor-addons/widgets/css/bostami-essentialse35d.css]
[bostami-wp.ibthemespro.com/wp-content/uploads/elementor/css/globalc2a7.css]
[bostami-wp.ibthemespro.com/wp-content/uploads/elementor/css/post-89516a5.css]
[bostami-wp.ibthemespro.com/wp-content/plugins/elementor/assets/lib/font-awesome/css/fontawesome.min52d5.css]
[bostami-wp.ibthemespro.com/wp-content/plugins/elementor/assets/lib/font-awesome/css/brands.min52d5.css]
[bostami-wp.ibthemespro.com/wp-content/plugins/elementor/assets/lib/font-awesome/css/solid.min52d5.css]
[bostami-wp.ibthemespro.com/wp-content/themes/bostami-wp/assets/img/icon/close.html]
[bostami-wp.ibthemespro.com/wp-content/themes/img/bg/page-bg-dark-2.html]
