[bostami-wp.ibthemespro.com/index.html]
[backblue.gif]
[fade.gif]
[index.html]
[bostami-wp.ibthemespro.com/wp-includes/css/dashicons.mine35d.css]
[bostami-wp.ibthemespro.com/feed/index.html]
[bostami-wp.ibthemespro.com/comments/feed/index.html]
[bostami-wp.ibthemespro.com/wp-content/plugins/menu-icons/css/fontawesome/css/all.min7a5f.css]
[bostami-wp.ibthemespro.com/wp-content/plugins/menu-icons/css/extra.minb36a.css]
[bostami-wp.ibthemespro.com/wp-includes/css/dist/block-library/style.mine35d.css]
[bostami-wp.ibthemespro.com/wp-content/plugins/bostami-toolkit/assets/css/odometer5152.css]
[bostami-wp.ibthemespro.com/wp-content/plugins/bostami-toolkit/assets/css/bostami-toolkit5152.css]
[bostami-wp.ibthemespro.com/wp-content/plugins/bostami-toolkit/assets/css/slick5152.css]
[bostami-wp.ibthemespro.com/wp-content/plugins/contact-form-7/includes/css/styles41a3.css]
[bostami-wp.ibthemespro.com/wp-content/themes/bostami-wp/assets/css/animate.min5152.css]
[bostami-wp.ibthemespro.com/wp-content/themes/bostami-wp/assets/css/bootstrap.mince52.css]
[bostami-wp.ibthemespro.com/wp-content/themes/bostami-wp/assets/css/font-awesome-pro7a5f.css]
[bostami-wp.ibthemespro.com/wp-content/themes/bostami-wp/assets/css/meanmenu5d0a.css]
[bostami-wp.ibthemespro.com/wp-content/themes/bostami-wp/assets/css/reset5152.css]
[bostami-wp.ibthemespro.com/wp-content/themes/bostami-wp/stylee35d.css]
[bostami-wp.ibthemespro.com/wp-content/plugins/elementor/assets/lib/eicons/css/elementor-icons.min192d.css]
[bostami-wp.ibthemespro.com/wp-content/uploads/elementor/css/custom-frontend-lite.minc2a7.css]
[bostami-wp.ibthemespro.com/wp-content/plugins/elementor/assets/lib/swiper/v8/css/swiper.min94a4.css]
[bostami-wp.ibthemespro.com/wp-content/uploads/elementor/css/post-81086.css]
[bostami-wp.ibthemespro.com/wp-content/plugins/bostami-toolkit/elementor-addons/widgets/css/bostami-essentialse35d.css]
[bostami-wp.ibthemespro.com/wp-content/uploads/elementor/css/globalc2a7.css]
[bostami-wp.ibthemespro.com/wp-content/uploads/elementor/css/post-149f32f.css]
[bostami-wp.ibthemespro.com/wp-content/plugins/elementor/assets/lib/font-awesome/css/fontawesome.min52d5.css]
[bostami-wp.ibthemespro.com/wp-content/plugins/elementor/assets/lib/font-awesome/css/brands.min52d5.css]
[bostami-wp.ibthemespro.com/wp-content/plugins/elementor/assets/lib/font-awesome/css/solid.min52d5.css]
[bostami-wp.ibthemespro.com/wp-content/plugins/elementor/assets/lib/font-awesome/css/regular.min52d5.css]
[bostami-wp.ibthemespro.com/wp-includes/js/jquery/jquery.min3088.js]
[bostami-wp.ibthemespro.com/wp-includes/js/jquery/jquery-migrate.min5589.js]
[bostami-wp.ibthemespro.com/wp-json/wp/v2/pages/149.json]
[bostami-wp.ibthemespro.com/wp-json/index.html]
[bostami-wp.ibthemespro.com/wp-json/oembed/1.0/embedc97c.json]
[bostami-wp.ibthemespro.com/wp-json/oembed/1.0/embedc7c2]
[bostami-wp.ibthemespro.com/wp-content/uploads/2023/08/cropped-favicon-150x150.png]
[bostami-wp.ibthemespro.com/wp-content/uploads/2023/08/cropped-favicon-300x300.png]
[bostami-wp.ibthemespro.com/wp-content/uploads/2023/09/logo-2.png]
[bostami-wp.ibthemespro.com/wp-content/uploads/2023/09/parson-main-img.png]
[bostami-wp.ibthemespro.com/resume/index.html]
[bostami-wp.ibthemespro.com/wp-content/uploads/2023/08/favicon.png]
[bostami-wp.ibthemespro.com/blog/index.html]
[bostami-wp.ibthemespro.com/contact/index.html]
[bostami-wp.ibthemespro.com/works/index.html]
[bostami-wp.ibthemespro.com/wp-content/uploads/2023/08/client-logo-1.png]
[bostami-wp.ibthemespro.com/wp-content/uploads/2023/08/client-logo-2.png]
[bostami-wp.ibthemespro.com/wp-content/uploads/2023/08/client-logo-3.png]
[bostami-wp.ibthemespro.com/wp-content/uploads/2023/08/client-logo-4.png]
[bostami-wp.ibthemespro.com/wp-content/plugins/bostami-toolkit/assets/js/imagesloaded-pkgdeda1.js]
[bostami-wp.ibthemespro.com/wp-content/plugins/bostami-toolkit/assets/js/isotope.pkgd.min605a.js]
[bostami-wp.ibthemespro.com/wp-content/plugins/bostami-toolkit/assets/js/jquery.modal.min8a54.js]
[bostami-wp.ibthemespro.com/wp-content/plugins/bostami-toolkit/assets/js/wow.min5152.js]
[bostami-wp.ibthemespro.com/wp-content/plugins/bostami-toolkit/assets/js/slick.mind5f7.js]
[bostami-wp.ibthemespro.com/wp-content/plugins/bostami-toolkit/assets/js/swiper.min94a4.js]
[bostami-wp.ibthemespro.com/wp-content/plugins/bostami-toolkit/assets/js/plugin-active5152.js]
[bostami-wp.ibthemespro.com/wp-content/plugins/contact-form-7/includes/swv/js/index41a3.js]
[bostami-wp.ibthemespro.com/wp-content/plugins/contact-form-7/includes/js/index41a3.js]
[bostami-wp.ibthemespro.com/wp-content/themes/bostami-wp/assets/js/bootstrap.mince52.js]
[bostami-wp.ibthemespro.com/wp-content/themes/bostami-wp/assets/js/meanmenuf269.js]
[bostami-wp.ibthemespro.com/wp-includes/js/imagesloaded.mineda1.js]
[bostami-wp.ibthemespro.com/wp-includes/js/masonry.min3a05.js]
[bostami-wp.ibthemespro.com/wp-includes/js/jquery/jquery.masonry.minef70.js]
[bostami-wp.ibthemespro.com/wp-content/themes/bostami-wp/assets/js/main5152.js]
[bostami-wp.ibthemespro.com/wp-content/plugins/elementor/assets/js/webpack.runtime.minafc7.js]
[bostami-wp.ibthemespro.com/wp-content/plugins/elementor/assets/lib/waypoints/waypoints.min05da.js]
[bostami-wp.ibthemespro.com/wp-content/plugins/elementor/assets/js/frontend-modules.minafc7.js]
[bostami-wp.ibthemespro.com/wp-includes/js/jquery/ui/core.min3f14.js]
[bostami-wp.ibthemespro.com/wp-content/plugins/elementor/assets/js/frontend.minafc7.js]
[bostami-wp.ibthemespro.com/index.html]
[bostami-wp.ibthemespro.com/wp-includes/fonts/dashicons7d4b.eot]
[bostami-wp.ibthemespro.com/wp-includes/css/dashicons.mine35d.css]
[bostami-wp.ibthemespro.com/wp-includes/fonts/dashicons7d4b.ttf]
[bostami-wp.ibthemespro.com/wp-content/plugins/menu-icons/css/fontawesome/webfonts/fa-brands-400.woff2]
[bostami-wp.ibthemespro.com/wp-content/plugins/menu-icons/css/fontawesome/webfonts/fa-brands-400.ttf]
[bostami-wp.ibthemespro.com/wp-content/plugins/menu-icons/css/fontawesome/webfonts/fa-regular-400.woff2]
[bostami-wp.ibthemespro.com/wp-content/plugins/menu-icons/css/fontawesome/webfonts/fa-regular-400.ttf]
[bostami-wp.ibthemespro.com/wp-content/plugins/menu-icons/css/fontawesome/webfonts/fa-solid-900.woff2]
[bostami-wp.ibthemespro.com/wp-content/plugins/menu-icons/css/fontawesome/webfonts/fa-solid-900.ttf]
[bostami-wp.ibthemespro.com/wp-content/plugins/menu-icons/css/fontawesome/webfonts/fa-v4compatibility.woff2]
[bostami-wp.ibthemespro.com/wp-content/plugins/menu-icons/css/fontawesome/webfonts/fa-v4compatibility.ttf]
[bostami-wp.ibthemespro.com/wp-content/plugins/menu-icons/css/fontawesome/css/all.min7a5f.css]
[bostami-wp.ibthemespro.com/wp-content/plugins/menu-icons/css/extra.minb36a.css]
[bostami-wp.ibthemespro.com/wp-includes/css/dist/block-library/style.mine35d.css]
[bostami-wp.ibthemespro.com/wp-content/plugins/bostami-toolkit/assets/css/odometer5152.css]
[bostami-wp.ibthemespro.com/wp-content/plugins/bostami-toolkit/assets/css/bostami-toolkit5152.css]
[bostami-wp.ibthemespro.com/wp-content/plugins/bostami-toolkit/assets/css/slick5152.css]
[bostami-wp.ibthemespro.com/wp-content/plugins/contact-form-7/includes/css/styles41a3.css]
[bostami-wp.ibthemespro.com/wp-content/themes/bostami-wp/assets/css/animate.min5152.css]
[bostami-wp.ibthemespro.com/wp-content/themes/bostami-wp/assets/css/bootstrap.mince52.css]
[bostami-wp.ibthemespro.com/wp-content/themes/bostami-wp/assets/webfonts/fa-brands-400.eot]
[bostami-wp.ibthemespro.com/wp-content/themes/bostami-wp/assets/webfonts/fa-brands-400d41d.eot]
[bostami-wp.ibthemespro.com/wp-content/themes/bostami-wp/assets/webfonts/fa-brands-400.woff2]
[bostami-wp.ibthemespro.com/wp-content/themes/bostami-wp/assets/webfonts/fa-brands-400.woff]
[bostami-wp.ibthemespro.com/wp-content/themes/bostami-wp/assets/webfonts/fa-brands-400.ttf]
[bostami-wp.ibthemespro.com/wp-content/themes/bostami-wp/assets/webfonts/fa-brands-400.svg]
[bostami-wp.ibthemespro.com/wp-content/themes/bostami-wp/assets/webfonts/fa-regular-400.eot]
[bostami-wp.ibthemespro.com/wp-content/themes/bostami-wp/assets/webfonts/fa-regular-400d41d.eot]
[bostami-wp.ibthemespro.com/wp-content/themes/bostami-wp/assets/webfonts/fa-regular-400.woff2]
[bostami-wp.ibthemespro.com/wp-content/themes/bostami-wp/assets/webfonts/fa-regular-400.woff]
[bostami-wp.ibthemespro.com/wp-content/themes/bostami-wp/assets/webfonts/fa-regular-400.ttf]
[bostami-wp.ibthemespro.com/wp-content/themes/bostami-wp/assets/webfonts/fa-regular-400.svg]
[bostami-wp.ibthemespro.com/wp-content/themes/bostami-wp/assets/webfonts/fa-solid-900.eot]
[bostami-wp.ibthemespro.com/wp-content/themes/bostami-wp/assets/webfonts/fa-solid-900.woff2]
[bostami-wp.ibthemespro.com/wp-content/themes/bostami-wp/assets/webfonts/fa-solid-900d41d.eot]
[bostami-wp.ibthemespro.com/wp-content/themes/bostami-wp/assets/webfonts/fa-solid-900.woff]
[bostami-wp.ibthemespro.com/wp-content/themes/bostami-wp/assets/webfonts/fa-solid-900.ttf]
[bostami-wp.ibthemespro.com/wp-content/themes/bostami-wp/assets/css/font-awesome-pro7a5f.css]
[bostami-wp.ibthemespro.com/wp-content/themes/bostami-wp/assets/webfonts/fa-solid-900.svg]
[bostami-wp.ibthemespro.com/wp-content/themes/bostami-wp/assets/img/icon/close.png]
[bostami-wp.ibthemespro.com/wp-content/themes/bostami-wp/assets/css/meanmenu5d0a.css]
[bostami-wp.ibthemespro.com/wp-content/themes/bostami-wp/assets/css/reset5152.css]
[bostami-wp.ibthemespro.com/wp-content/themes/img/bg/page-bg-dark-2.jpg]
[bostami-wp.ibthemespro.com/wp-content/themes/bostami-wp/assets/img/select-arrow.png]
[bostami-wp.ibthemespro.com/wp-content/themes/bostami-wp/stylee35d.css]
[bostami-wp.ibthemespro.com/wp-content/themes/bostami-wp/assets/css/bostami-default8a54.css]
[bostami-wp.ibthemespro.com/wp-content/plugins/elementor/assets/lib/eicons/fonts/eicons9506.woff2]
[bostami-wp.ibthemespro.com/wp-content/plugins/elementor/assets/lib/eicons/fonts/eicons9506.eot]
[bostami-wp.ibthemespro.com/wp-content/plugins/elementor/assets/lib/eicons/fonts/eicons9506.woff]
[bostami-wp.ibthemespro.com/wp-content/plugins/elementor/assets/lib/eicons/fonts/eicons9506.ttf]
[bostami-wp.ibthemespro.com/wp-content/plugins/elementor/assets/lib/eicons/css/elementor-icons.min192d.css]
[bostami-wp.ibthemespro.com/wp-content/uploads/elementor/css/custom-frontend-lite.minc2a7.css]
[bostami-wp.ibthemespro.com/wp-content/plugins/elementor/assets/lib/swiper/v8/css/swiper.min94a4.css]
[bostami-wp.ibthemespro.com/wp-content/uploads/elementor/css/post-81086.css]
[bostami-wp.ibthemespro.com/wp-content/plugins/bostami-toolkit/elementor-addons/widgets/css/bostami-essentialse35d.css]
[bostami-wp.ibthemespro.com/wp-content/uploads/elementor/css/globalc2a7.css]
[bostami-wp.ibthemespro.com/wp-content/uploads/elementor/css/post-149f32f.css]
[bostami-wp.ibthemespro.com/wp-content/plugins/elementor/assets/lib/font-awesome/css/fontawesome.min52d5.css]
[bostami-wp.ibthemespro.com/wp-content/plugins/elementor/assets/lib/eicons/fonts/eicons9506.svg]
[bostami-wp.ibthemespro.com/wp-content/plugins/elementor/assets/lib/font-awesome/webfonts/fa-brands-400.eot]
[bostami-wp.ibthemespro.com/wp-content/plugins/elementor/assets/lib/font-awesome/webfonts/fa-brands-400d41d.eot]
[bostami-wp.ibthemespro.com/wp-content/plugins/elementor/assets/lib/font-awesome/webfonts/fa-brands-400.woff2]
[bostami-wp.ibthemespro.com/wp-content/plugins/elementor/assets/lib/font-awesome/webfonts/fa-brands-400.woff]
[bostami-wp.ibthemespro.com/wp-content/plugins/elementor/assets/lib/font-awesome/webfonts/fa-brands-400.ttf]
[bostami-wp.ibthemespro.com/wp-content/plugins/elementor/assets/lib/font-awesome/css/brands.min52d5.css]
[bostami-wp.ibthemespro.com/wp-content/plugins/elementor/assets/lib/font-awesome/webfonts/fa-solid-900.eot]
[bostami-wp.ibthemespro.com/wp-content/plugins/elementor/assets/lib/font-awesome/webfonts/fa-brands-400.svg]
[bostami-wp.ibthemespro.com/wp-content/plugins/elementor/assets/lib/font-awesome/webfonts/fa-solid-900.woff2]
[bostami-wp.ibthemespro.com/wp-content/plugins/elementor/assets/lib/font-awesome/webfonts/fa-solid-900.woff]
[bostami-wp.ibthemespro.com/wp-content/plugins/elementor/assets/lib/font-awesome/webfonts/fa-solid-900d41d.eot]
[bostami-wp.ibthemespro.com/wp-content/plugins/elementor/assets/lib/font-awesome/webfonts/fa-solid-900.ttf]
[bostami-wp.ibthemespro.com/wp-content/plugins/elementor/assets/lib/font-awesome/css/solid.min52d5.css]
[bostami-wp.ibthemespro.com/wp-content/plugins/elementor/assets/lib/font-awesome/webfonts/fa-solid-900.svg]
[bostami-wp.ibthemespro.com/wp-content/plugins/elementor/assets/lib/font-awesome/webfonts/fa-regular-400.eot]
[bostami-wp.ibthemespro.com/wp-content/plugins/elementor/assets/lib/font-awesome/webfonts/fa-regular-400d41d.eot]
[bostami-wp.ibthemespro.com/wp-content/plugins/elementor/assets/lib/font-awesome/webfonts/fa-regular-400.woff2]
[bostami-wp.ibthemespro.com/wp-content/plugins/elementor/assets/lib/font-awesome/webfonts/fa-regular-400.woff]
[bostami-wp.ibthemespro.com/wp-content/plugins/elementor/assets/lib/font-awesome/webfonts/fa-regular-400.ttf]
[bostami-wp.ibthemespro.com/wp-content/plugins/elementor/assets/lib/font-awesome/css/regular.min52d5.css]
[bostami-wp.ibthemespro.com/xmlrpc0db0.html]
[bostami-wp.ibthemespro.com/wp-content/plugins/elementor/assets/lib/font-awesome/webfonts/fa-regular-400.svg]
[bostami-wp.ibthemespro.com/wp-content/uploads/elementor/css/post-14259d19.css]
[bostami-wp.ibthemespro.com/wp-json/wp/v2/pages/1425.json]
[bostami-wp.ibthemespro.com/wp-json/oembed/1.0/embedfe0e.json]
[bostami-wp.ibthemespro.com/resume/index.html]
[bostami-wp.ibthemespro.com/wp-json/oembed/1.0/embed6323]
[bostami-wp.ibthemespro.com/wp-content/uploads/elementor/css/post-222593c.css]
[bostami-wp.ibthemespro.com/wp-json/wp/v2/pages/222.json]
[bostami-wp.ibthemespro.com/wp-json/oembed/1.0/embede0af.json]
[bostami-wp.ibthemespro.com/wp-json/oembed/1.0/embed7612]
[bostami-wp.ibthemespro.com/wp-content/uploads/2023/08/work-img-1.png]
[bostami-wp.ibthemespro.com/wp-content/uploads/2023/08/work-img-2.png]
[bostami-wp.ibthemespro.com/wp-content/uploads/2023/08/work-img-3.png]
[bostami-wp.ibthemespro.com/wp-content/uploads/2023/08/work-img-4.png]
[bostami-wp.ibthemespro.com/wp-content/uploads/2023/08/work-img-5.png]
[bostami-wp.ibthemespro.com/wp-content/uploads/2023/08/work-img-6.png]
[bostami-wp.ibthemespro.com/wp-content/uploads/2023/08/portfolio-modal-img-1.jpg]
[bostami-wp.ibthemespro.com/works/index.html]
[bostami-wp.ibthemespro.com/wp-content/uploads/elementor/css/post-241ef82.css]
[bostami-wp.ibthemespro.com/wp-json/wp/v2/pages/241.json]
[bostami-wp.ibthemespro.com/wp-json/oembed/1.0/embed00c3.json]
[bostami-wp.ibthemespro.com/wp-json/oembed/1.0/embedc4dd]
[bostami-wp.ibthemespro.com/wp-content/uploads/2023/08/blog-img-3-300x300.png]
[bostami-wp.ibthemespro.com/wp-content/uploads/2023/08/blog-img-5-300x300.png]
[bostami-wp.ibthemespro.com/category/uncategorized/index.html]
[bostami-wp.ibthemespro.com/wp-content/uploads/2023/08/blog-img-6-300x300.png]
[bostami-wp.ibthemespro.com/category/education/index.html]
[bostami-wp.ibthemespro.com/wp-content/uploads/2023/08/blog-img-1-300x300.png]
[bostami-wp.ibthemespro.com/category/learn/index.html]
[bostami-wp.ibthemespro.com/wp-content/uploads/2023/08/blog-img-2-300x300.png]
[bostami-wp.ibthemespro.com/category/skill/index.html]
[bostami-wp.ibthemespro.com/wp-content/uploads/2023/08/blog-img-4-300x300.png]
[bostami-wp.ibthemespro.com/wp-content/uploads/2023/08/blog-details-img-1.png]
[bostami-wp.ibthemespro.com/category/information/index.html]
[bostami-wp.ibthemespro.com/category/travel/index.html]
[bostami-wp.ibthemespro.com/wp-content/uploads/2023/08/blog-img-6.png]
[bostami-wp.ibthemespro.com/blog/index.html]
[bostami-wp.ibthemespro.com/2023/09/21/hello-world/index.html]
[bostami-wp.ibthemespro.com/wp-content/uploads/elementor/css/post-233f8b6.css]
[bostami-wp.ibthemespro.com/2023/09/21/hello-world/index6809.html]
[bostami-wp.ibthemespro.com/wp-json/wp/v2/pages/233.json]
[bostami-wp.ibthemespro.com/wp-json/oembed/1.0/embedf9fe.json]
[bostami-wp.ibthemespro.com/contact/index.html]
[bostami-wp.ibthemespro.com/wp-json/oembed/1.0/embed4071]
[bostami-wp.ibthemespro.com/wp-content/themes/bostami-wp/assets/webfonts/fa-brands-400.svg]
[bostami-wp.ibthemespro.com/wp-content/themes/bostami-wp/assets/webfonts/fa-regular-400.svg]
[bostami-wp.ibthemespro.com/wp-content/themes/bostami-wp/assets/webfonts/fa-solid-900.svg]
[bostami-wp.ibthemespro.com/wp-content/themes/bostami-wp/assets/img/icon/close.html]
[bostami-wp.ibthemespro.com/wp-content/themes/img/bg/page-bg-dark-2.html]
[bostami-wp.ibthemespro.com/wp-content/plugins/elementor/assets/lib/eicons/fonts/eicons9506.svg]
[bostami-wp.ibthemespro.com/wp-content/plugins/elementor/assets/lib/font-awesome/webfonts/fa-brands-400.svg]
[bostami-wp.ibthemespro.com/wp-content/plugins/elementor/assets/lib/font-awesome/webfonts/fa-solid-900.svg]
[bostami-wp.ibthemespro.com/wp-content/plugins/elementor/assets/lib/font-awesome/webfonts/fa-regular-400.svg]
[bostami-wp.ibthemespro.com/wp-content/uploads/elementor/css/post-14259d19.css]
[bostami-wp.ibthemespro.com/index4297.html]
[bostami-wp.ibthemespro.com/wp-content/uploads/elementor/css/post-222593c.css]
[bostami-wp.ibthemespro.com/indexb4c1.html]
[bostami-wp.ibthemespro.com/wp-content/uploads/elementor/css/post-241ef82.css]
[bostami-wp.ibthemespro.com/index03e1.html]
[bostami-wp.ibthemespro.com/wp-json/wp/v2/categories/1.json]
[bostami-wp.ibthemespro.com/category/uncategorized/feed/index.html]
[bostami-wp.ibthemespro.com/wp-content/uploads/2023/08/blog-img-3-150x150.png]
[bostami-wp.ibthemespro.com/wp-content/uploads/2023/08/blog-img-5-150x150.png]
[bostami-wp.ibthemespro.com/homepage-v2/index.html]
[bostami-wp.ibthemespro.com/about-v2/index.html]
[bostami-wp.ibthemespro.com/wp-content/uploads/2023/08/blog-img-6-150x150.png]
[bostami-wp.ibthemespro.com/resume-v2/index.html]
[bostami-wp.ibthemespro.com/works-v2/index.html]
[bostami-wp.ibthemespro.com/blogs-v2/index.html]
[bostami-wp.ibthemespro.com/wp-content/uploads/2023/08/blog-img-1-150x150.png]
[bostami-wp.ibthemespro.com/category/uncategorized/index.html]
[bostami-wp.ibthemespro.com/contact-v2/index.html]
[bostami-wp.ibthemespro.com/author/admin/index.html]
[bostami-wp.ibthemespro.com/2023/08/index.html]
[bostami-wp.ibthemespro.com/2023/09/index.html]
[bostami-wp.ibthemespro.com/category/webdesign/index.html]
[bostami-wp.ibthemespro.com/wp-json/wp/v2/categories/4.json]
[bostami-wp.ibthemespro.com/2023/09/12/how-to-own-your-audience-by-creating-an-email-list/index.html]
[bostami-wp.ibthemespro.com/2023/09/12/everything-you-need-to-know-about-web-accessibility/index.html]
[bostami-wp.ibthemespro.com/wp-content/uploads/2023/08/blog-img-3.png]
[bostami-wp.ibthemespro.com/2023/09/12/some-tips-to-change-turn-your-life-into-coding/index.html]
[bostami-wp.ibthemespro.com/2023/09/12/how-to-grow-skill-for-2024/index.html]
[bostami-wp.ibthemespro.com/tag/app/index.html]
[bostami-wp.ibthemespro.com/wp-content/uploads/2023/08/blog-img-1.png]
[bostami-wp.ibthemespro.com/tag/branding/index.html]
[bostami-wp.ibthemespro.com/wp-content/uploads/2023/08/blog-img-4.png]
[bostami-wp.ibthemespro.com/category/learn/index.html]
[bostami-wp.ibthemespro.com/tag/design/index.html]
[bostami-wp.ibthemespro.com/tag/dgital/index.html]
[bostami-wp.ibthemespro.com/tag/education/index.html]
[bostami-wp.ibthemespro.com/tag/freelancing/index.html]
[bostami-wp.ibthemespro.com/tag/mockup/index.html]
[bostami-wp.ibthemespro.com/tag/travel/index.html]
[bostami-wp.ibthemespro.com/wp-json/wp/v2/categories/2.json]
[bostami-wp.ibthemespro.com/tag/web-design/index.html]
[bostami-wp.ibthemespro.com/category/learn/feed/index.html]
[bostami-wp.ibthemespro.com/wp-content/uploads/2023/08/blog-img-5.png]
[bostami-wp.ibthemespro.com/category/education/feed/index.html]
[bostami-wp.ibthemespro.com/category/education/index.html]
[bostami-wp.ibthemespro.com/2023/09/12/the-window-know-to-say-beside-you/index.html]
[bostami-wp.ibthemespro.com/2023/08/17/why-you-needed-much-more-ai-knowledge-at-this-time/index.html]
[bostami-wp.ibthemespro.com/category/skill/feed/index.html]
[bostami-wp.ibthemespro.com/wp-json/wp/v2/categories/5.json]
[bostami-wp.ibthemespro.com/category/skill/index.html]
[bostami-wp.ibthemespro.com/wp-json/wp/v2/categories/3.json]
[bostami-wp.ibthemespro.com/category/information/feed/index.html]
[bostami-wp.ibthemespro.com/wp-content/uploads/2023/08/blog-img-2.png]
[bostami-wp.ibthemespro.com/category/information/index.html]
[bostami-wp.ibthemespro.com/2023/09/12/best-freelance-client-management-softwares/index.html]
[bostami-wp.ibthemespro.com/wp-json/wp/v2/categories/6.json]
[bostami-wp.ibthemespro.com/category/travel/index.html]
[bostami-wp.ibthemespro.com/category/travel/feed/index.html]
[bostami-wp.ibthemespro.com/wp-json/wp/v2/posts/1.json]
[bostami-wp.ibthemespro.com/2023/09/12/best-travel-toursim-location-fo-refresh-your-mind/index.html]
[bostami-wp.ibthemespro.com/2023/09/21/hello-world/feed/index.html]
[bostami-wp.ibthemespro.com/wp-json/oembed/1.0/embed3acc.json]
[bostami-wp.ibthemespro.com/wp-json/oembed/1.0/embedca3d]
[bostami-wp.ibthemespro.com/2023/09/21/hello-world/index.html]
[bostami-wp.ibthemespro.com/2023/09/21/hello-world/index6809.html]
[bostami-wp.ibthemespro.com/wp-content/uploads/elementor/css/post-233f8b6.css]
[bostami-wp.ibthemespro.com/index85b0.html]
[bostami-wp.ibthemespro.com/wp-includes/js/comment-reply.mine35d.js]
[bostami-wp.ibthemespro.com/wp-json/wp/v2/pages/582.json]
[bostami-wp.ibthemespro.com/wp-json/oembed/1.0/embedb3f7.json]
[bostami-wp.ibthemespro.com/wp-json/oembed/1.0/embed5fc7]
[bostami-wp.ibthemespro.com/wp-content/uploads/2023/08/parson-img-3.png]
[bostami-wp.ibthemespro.com/homepage-v2/index.html]
[bostami-wp.ibthemespro.com/wp-content/uploads/elementor/css/post-637b5ce.css]
[bostami-wp.ibthemespro.com/wp-json/wp/v2/pages/637.json]
[bostami-wp.ibthemespro.com/wp-json/oembed/1.0/embed45af.json]
[bostami-wp.ibthemespro.com/wp-json/oembed/1.0/embed62da]
[bostami-wp.ibthemespro.com/wp-content/uploads/2023/08/parson-img-2.png]
[bostami-wp.ibthemespro.com/about-v2/index.html]
[bostami-wp.ibthemespro.com/wp-content/uploads/elementor/css/post-63936e0.css]
[bostami-wp.ibthemespro.com/wp-json/wp/v2/pages/639.json]
[bostami-wp.ibthemespro.com/wp-json/oembed/1.0/embed247e.json]
[bostami-wp.ibthemespro.com/resume-v2/index.html]
[bostami-wp.ibthemespro.com/wp-json/oembed/1.0/embeda006]
[bostami-wp.ibthemespro.com/wp-content/uploads/elementor/css/post-6418de4.css]
[bostami-wp.ibthemespro.com/wp-json/wp/v2/pages/641.json]
[bostami-wp.ibthemespro.com/wp-json/oembed/1.0/embed3155.json]
[bostami-wp.ibthemespro.com/works-v2/index.html]
[bostami-wp.ibthemespro.com/wp-json/oembed/1.0/embedad6c]
[bostami-wp.ibthemespro.com/wp-content/uploads/elementor/css/post-64355d8.css]
[bostami-wp.ibthemespro.com/wp-json/wp/v2/pages/643.json]
[bostami-wp.ibthemespro.com/wp-json/oembed/1.0/embeda8e8.json]
[bostami-wp.ibthemespro.com/blogs-v2/index.html]
[bostami-wp.ibthemespro.com/wp-json/oembed/1.0/embed21b5]
[bostami-wp.ibthemespro.com/wp-content/uploads/elementor/css/post-64565ed.css]
[bostami-wp.ibthemespro.com/wp-json/wp/v2/pages/645.json]
[bostami-wp.ibthemespro.com/wp-json/oembed/1.0/embed445d.json]
[bostami-wp.ibthemespro.com/wp-json/oembed/1.0/embedb327]
[bostami-wp.ibthemespro.com/wp-content/uploads/2023/08/phone-call.png]
[bostami-wp.ibthemespro.com/wp-content/uploads/2023/08/email-icon.png]
[bostami-wp.ibthemespro.com/contact-v2/index.html]
[bostami-wp.ibthemespro.com/wp-json/wp/v2/users/1.json]
[bostami-wp.ibthemespro.com/author/admin/index.html]
[bostami-wp.ibthemespro.com/2023/09/index.html]
[bostami-wp.ibthemespro.com/2023/08/index.html]
[bostami-wp.ibthemespro.com/author/admin/feed/index.html]
[bostami-wp.ibthemespro.com/2023/09/12/top-10-toolkits-for-deep-learning-in-2021/index.html]
[bostami-wp.ibthemespro.com/2023/index.html]
[bostami-wp.ibthemespro.com/category/webdesign/feed/index.html]
[bostami-wp.ibthemespro.com/wp-json/wp/v2/categories/7.json]
[bostami-wp.ibthemespro.com/category/webdesign/index.html]
[bostami-wp.ibthemespro.com/wp-json/wp/v2/posts/1008.json]
[bostami-wp.ibthemespro.com/2023/09/12/how-to-own-your-audience-by-creating-an-email-list/feed/index.html]
[bostami-wp.ibthemespro.com/wp-json/oembed/1.0/embed5b1f.json]
[bostami-wp.ibthemespro.com/2023/09/12/how-to-own-your-audience-by-creating-an-email-list/index.html]
[bostami-wp.ibthemespro.com/wp-json/oembed/1.0/embeddf35]
[bostami-wp.ibthemespro.com/wp-json/wp/v2/posts/1005.json]
[bostami-wp.ibthemespro.com/2023/09/12/everything-you-need-to-know-about-web-accessibility/feed/index.html]
[bostami-wp.ibthemespro.com/wp-json/oembed/1.0/embedcd01.json]
[bostami-wp.ibthemespro.com/wp-json/oembed/1.0/embed3fa1]
[bostami-wp.ibthemespro.com/2023/09/12/everything-you-need-to-know-about-web-accessibility/index.html]
[bostami-wp.ibthemespro.com/wp-json/wp/v2/posts/1002.json]
[bostami-wp.ibthemespro.com/2023/09/12/some-tips-to-change-turn-your-life-into-coding/feed/index.html]
[bostami-wp.ibthemespro.com/wp-json/oembed/1.0/embed8a8a.json]
[bostami-wp.ibthemespro.com/wp-json/oembed/1.0/embeda31a]
[bostami-wp.ibthemespro.com/2023/09/12/some-tips-to-change-turn-your-life-into-coding/index.html]
[bostami-wp.ibthemespro.com/wp-json/wp/v2/posts/995.json]
[bostami-wp.ibthemespro.com/2023/09/12/how-to-grow-skill-for-2024/feed/index.html]
[bostami-wp.ibthemespro.com/wp-json/oembed/1.0/embeda0b0.json]
[bostami-wp.ibthemespro.com/wp-json/oembed/1.0/embed64b9]
[bostami-wp.ibthemespro.com/2023/09/12/how-to-grow-skill-for-2024/index.html]
[bostami-wp.ibthemespro.com/wp-json/wp/v2/tags/10.json]
[bostami-wp.ibthemespro.com/tag/app/index.html]
[bostami-wp.ibthemespro.com/tag/app/feed/index.html]
[bostami-wp.ibthemespro.com/wp-json/wp/v2/tags/11.json]
[bostami-wp.ibthemespro.com/tag/branding/index.html]
[bostami-wp.ibthemespro.com/tag/branding/feed/index.html]
[bostami-wp.ibthemespro.com/wp-json/wp/v2/tags/12.json]
[bostami-wp.ibthemespro.com/tag/design/index.html]
[bostami-wp.ibthemespro.com/tag/design/feed/index.html]
[bostami-wp.ibthemespro.com/wp-json/wp/v2/tags/13.json]
[bostami-wp.ibthemespro.com/tag/dgital/index.html]
[bostami-wp.ibthemespro.com/tag/dgital/feed/index.html]
[bostami-wp.ibthemespro.com/wp-json/wp/v2/tags/14.json]
[bostami-wp.ibthemespro.com/tag/education/index.html]
[bostami-wp.ibthemespro.com/tag/education/feed/index.html]
[bostami-wp.ibthemespro.com/wp-json/wp/v2/tags/15.json]
[bostami-wp.ibthemespro.com/tag/freelancing/index.html]
[bostami-wp.ibthemespro.com/tag/freelancing/feed/index.html]
[bostami-wp.ibthemespro.com/wp-json/wp/v2/tags/16.json]
[bostami-wp.ibthemespro.com/tag/mockup/index.html]
[bostami-wp.ibthemespro.com/tag/mockup/feed/index.html]
[bostami-wp.ibthemespro.com/wp-json/wp/v2/tags/17.json]
[bostami-wp.ibthemespro.com/tag/travel/index.html]
[bostami-wp.ibthemespro.com/tag/travel/feed/index.html]
[bostami-wp.ibthemespro.com/wp-json/wp/v2/tags/18.json]
[bostami-wp.ibthemespro.com/tag/web-design/index.html]
[bostami-wp.ibthemespro.com/tag/web-design/feed/index.html]
[bostami-wp.ibthemespro.com/wp-json/wp/v2/posts/988.json]
[bostami-wp.ibthemespro.com/2023/09/12/the-window-know-to-say-beside-you/feed/index.html]
[bostami-wp.ibthemespro.com/wp-json/oembed/1.0/embed05f5.json]
[bostami-wp.ibthemespro.com/2023/09/12/the-window-know-to-say-beside-you/index.html]
[bostami-wp.ibthemespro.com/wp-json/oembed/1.0/embede98d]
[bostami-wp.ibthemespro.com/wp-json/wp/v2/posts/1426.json]
[bostami-wp.ibthemespro.com/2023/08/17/why-you-needed-much-more-ai-knowledge-at-this-time/feed/index.html]
[bostami-wp.ibthemespro.com/wp-json/oembed/1.0/embed0e1e.json]
[bostami-wp.ibthemespro.com/2023/08/17/why-you-needed-much-more-ai-knowledge-at-this-time/index.html]
[bostami-wp.ibthemespro.com/wp-json/oembed/1.0/embed1fdc]
[bostami-wp.ibthemespro.com/wp-json/wp/v2/posts/992.json]
[bostami-wp.ibthemespro.com/2023/08/17/why-you-needed-much-more-ai-knowledge-at-this-time/index0e22.html]
[bostami-wp.ibthemespro.com/2023/09/12/best-freelance-client-management-softwares/feed/index.html]
[bostami-wp.ibthemespro.com/wp-json/oembed/1.0/embed33cf.json]
[bostami-wp.ibthemespro.com/2023/09/12/best-freelance-client-management-softwares/index.html]
[bostami-wp.ibthemespro.com/wp-json/oembed/1.0/embede628]
[bostami-wp.ibthemespro.com/wp-json/wp/v2/posts/990.json]
[bostami-wp.ibthemespro.com/2023/09/12/best-travel-toursim-location-fo-refresh-your-mind/feed/index.html]
[bostami-wp.ibthemespro.com/wp-json/oembed/1.0/embed0d80.json]
[bostami-wp.ibthemespro.com/2023/09/12/best-travel-toursim-location-fo-refresh-your-mind/index.html]
[bostami-wp.ibthemespro.com/indexcff1.html]
[bostami-wp.ibthemespro.com/xmlrpc.html]
[bostami-wp.ibthemespro.com/index01e4.html]
[bostami-wp.ibthemespro.com/wp-content/uploads/elementor/css/post-637b5ce.css]
[bostami-wp.ibthemespro.com/index38bf.html]
[bostami-wp.ibthemespro.com/wp-content/uploads/elementor/css/post-63936e0.css]
[bostami-wp.ibthemespro.com/index071d.html]
[bostami-wp.ibthemespro.com/wp-content/uploads/elementor/css/post-6418de4.css]
[bostami-wp.ibthemespro.com/indexd2ad.html]
[bostami-wp.ibthemespro.com/wp-content/uploads/elementor/css/post-64355d8.css]
[bostami-wp.ibthemespro.com/indexb0f8.html]
[bostami-wp.ibthemespro.com/wp-content/uploads/elementor/css/post-64565ed.css]
[bostami-wp.ibthemespro.com/indexc725.html]
[bostami-wp.ibthemespro.com/wp-json/oembed/1.0/embede0fb]
[bostami-wp.ibthemespro.com/wp-json/wp/v2/posts/985.json]
[bostami-wp.ibthemespro.com/2023/09/12/top-10-toolkits-for-deep-learning-in-2021/feed/index.html]
[bostami-wp.ibthemespro.com/wp-json/oembed/1.0/embed3f70.json]
[bostami-wp.ibthemespro.com/2023/09/12/top-10-toolkits-for-deep-learning-in-2021/index.html]
[bostami-wp.ibthemespro.com/2023/index.html]
[bostami-wp.ibthemespro.com/index4192.html]
[bostami-wp.ibthemespro.com/index7eba.html]
[bostami-wp.ibthemespro.com/index50b4.html]
[bostami-wp.ibthemespro.com/indexac83.html]
[bostami-wp.ibthemespro.com/indexf4ce.html]
[bostami-wp.ibthemespro.com/indexde70.html]
[bostami-wp.ibthemespro.com/2023/08/17/why-you-needed-much-more-ai-knowledge-at-this-time/index0e22.html]
[bostami-wp.ibthemespro.com/index0d0a.html]
[bostami-wp.ibthemespro.com/index4b26.html]
[bostami-wp.ibthemespro.com/indexdbf6.html]
[bostami-wp.ibthemespro.com/wp-json/oembed/1.0/embed248c]
